Microsoft Windows [Version 10.0.14393]
(c) 2016 Microsoft Corporation. All rights reserved.

C:\Users\Administrator>lsnrctl status

LSNRCTL for 64-bit Windows: Version 11.2.0.4.0 - Production on 07-DEC-2022 17:31:32

Copyright (c) 1991, 2013, Oracle.  All rights reserved.

Connecting to (DESCRIPTION=(ADDRESS=(PROTOCOL=IPC)(KEY=EXTPROC1521)))
TNS-12541: TNS:no listener
 TNS-12560: TNS:protocol adapter error
  TNS-00511: No listener
   64-bit Windows Error: 2: No such file or directory
Connecting to (DESCRIPTION=(ADDRESS=(PROTOCOL=TCP)(HOST=SugunaVATServer)(PORT=1521)))
TNS-12541: TNS:no listener
 TNS-12560: TNS:protocol adapter error
  TNS-00511: No listener
   64-bit Windows Error: 61: Unknown error

C:\Users\Administrator>lsnrctl services

LSNRCTL for 64-bit Windows: Version 11.2.0.4.0 - Production on 07-DEC-2022 17:32:32

Copyright (c) 1991, 2013, Oracle.  All rights reserved.

Connecting to (DESCRIPTION=(ADDRESS=(PROTOCOL=IPC)(KEY=EXTPROC1521)))
TNS-12541: TNS:no listener
 TNS-12560: TNS:protocol adapter error
  TNS-00511: No listener
   64-bit Windows Error: 2: No such file or directory
Connecting to (DESCRIPTION=(ADDRESS=(PROTOCOL=TCP)(HOST=SugunaVATServer)(PORT=1521)))
TNS-12541: TNS:no listener
 TNS-12560: TNS:protocol adapter error
  TNS-00511: No listener
   64-bit Windows Error: 61: Unknown error

C:\Users\Administrator>lsnrctl start

LSNRCTL for 64-bit Windows: Version 11.2.0.4.0 - Production on 07-DEC-2022 17:33:17

Copyright (c) 1991, 2013, Oracle.  All rights reserved.

Starting tnslsnr: please wait...

TNSLSNR for 64-bit Windows: Version 11.2.0.4.0 - Production
System parameter file is D:\app\Administrator\product\11.2.0\dbhome_1\network\admin\listener.ora
Log messages written to D:\app\Administrator\diag\tnslsnr\SugunaVATServer\listener\alert\log.xml
Listening on: (DESCRIPTION=(ADDRESS=(PROTOCOL=ipc)(PIPENAME=\\.\pipe\EXTPROC1521ipc)))
Listening on: (DESCRIPTION=(ADDRESS=(PROTOCOL=tcp)(HOST=SugunaVATServer)(PORT=1521)))

Connecting to (DESCRIPTION=(ADDRESS=(PROTOCOL=IPC)(KEY=EXTPROC1521)))
STATUS of the LISTENER
------------------------
Alias                     LISTENER
Version                   TNSLSNR for 64-bit Windows: Version 11.2.0.4.0 - Production
Start Date                07-DEC-2022 17:33:23
Uptime                    0 days 0 hr. 0 min. 5 sec
Trace Level               off
Security                  ON: Local OS Authentication
SNMP                      OFF
Listener Parameter File   D:\app\Administrator\product\11.2.0\dbhome_1\network\admin\listener.ora
Listener Log File         D:\app\Administrator\diag\tnslsnr\SugunaVATServer\listener\alert\log.xml
Listening Endpoints Summary...
  (DESCRIPTION=(ADDRESS=(PROTOCOL=ipc)(PIPENAME=\\.\pipe\EXTPROC1521ipc)))
  (DESCRIPTION=(ADDRESS=(PROTOCOL=tcp)(HOST=SugunaVATServer)(PORT=1521)))
Services Summary...
Service "CLRExtProc" has 1 instance(s).
  Instance "CLRExtProc", status UNKNOWN, has 1 handler(s) for this service...
The command completed successfully

C:\Users\Administrator>lsnrctl services

LSNRCTL for 64-bit Windows: Version 11.2.0.4.0 - Production on 07-DEC-2022 17:34:02

Copyright (c) 1991, 2013, Oracle.  All rights reserved.

Connecting to (DESCRIPTION=(ADDRESS=(PROTOCOL=IPC)(KEY=EXTPROC1521)))
Services Summary...
Service "CLRExtProc" has 1 instance(s).
  Instance "CLRExtProc", status UNKNOWN, has 1 handler(s) for this service...
    Handler(s):
      "DEDICATED" established:0 refused:0
         LOCAL SERVER
The command completed successfully

C:\Users\Administrator>lsnrctl status

LSNRCTL for 64-bit Windows: Version 11.2.0.4.0 - Production on 07-DEC-2022 17:34:11

Copyright (c) 1991, 2013, Oracle.  All rights reserved.

Connecting to (DESCRIPTION=(ADDRESS=(PROTOCOL=IPC)(KEY=EXTPROC1521)))
STATUS of the LISTENER
------------------------
Alias                     LISTENER
Version                   TNSLSNR for 64-bit Windows: Version 11.2.0.4.0 - Production
Start Date                07-DEC-2022 17:33:23
Uptime                    0 days 0 hr. 0 min. 52 sec
Trace Level               off
Security                  ON: Local OS Authentication
SNMP                      OFF
Listener Parameter File   D:\app\Administrator\product\11.2.0\dbhome_1\network\admin\listener.ora
Listener Log File         D:\app\Administrator\diag\tnslsnr\SugunaVATServer\listener\alert\log.xml
Listening Endpoints Summary...
  (DESCRIPTION=(ADDRESS=(PROTOCOL=ipc)(PIPENAME=\\.\pipe\EXTPROC1521ipc)))
  (DESCRIPTION=(ADDRESS=(PROTOCOL=tcp)(HOST=SugunaVATServer)(PORT=1521)))
Services Summary...
Service "CLRExtProc" has 1 instance(s).
  Instance "CLRExtProc", status UNKNOWN, has 1 handler(s) for this service...
Service "IFADNXDB" has 1 instance(s).
  Instance "ifadn", status READY, has 1 handler(s) for this service...
Service "ifadn" has 1 instance(s).
  Instance "ifadn", status READY, has 1 handler(s) for this service...
Service "orcl" has 1 instance(s).
  Instance "orcl", status READY, has 1 handler(s) for this service...
Service "orclXDB" has 1 instance(s).
  Instance "orcl", status READY, has 1 handler(s) for this service...
The command completed successfully

C:\Users\Administrator>
